Write command name (8 for help): Write owner name: Write phone number: Argument for @NotNull parameter 'phoneNumber' of ru/spbhse/smirnov/database/PhoneDatabase.addRecord must not be null
Write command name (8 for help): 