Write command name (8 for help): Write owner name: Write phone number: Write command name (8 for help): Write owner name: Write phone number: Write command name (8 for help): Write owner name: 2
3
Write command name (8 for help): 