Write command name (8 for help): Write owner name: Write phone number: Write command name (8 for help): Write owner name: Write command name (8 for help): Write owner name: Write command name (8 for help): Unknown command name
Write command name (8 for help): Write phone number: Write command name (8 for help): 