Write command name (8 for help): Write owner name: Write phone number: Write command name (8 for help): Write owner name: Write phone number: Write command name (8 for help): Write owner name: Write new owner name: Write command name (8 for help): Unknown command name
Write command name (8 for help): Write owner name: Write new owner name: Write command name (8 for help): Unknown command name
Write command name (8 for help): 239 239
42 42
Write command name (8 for help): 