Write command name (8 for help): Write owner name: Write phone number: Write command name (8 for help): Write owner name: Write phone number: Write command name (8 for help): Write owner name: Write new phone number: Write command name (8 for help): Write owner name: Write new phone number: Write command name (8 for help): Write owner name: Write phone number: Write command name (8 for help): Write owner name: Write phone number: Write new phone number: Write command name (8 for help): a 239
b t
a 3
Write command name (8 for help): 