Write command name (8 for help): Unknown command name
Write command name (8 for help): 