public class SomeClass {
    public SomeClass() {
    }
    private final Integer finalField = null;
}
