private <T> T justGenericMethod()
private <E> E justGenericMethod()
